[Sun Dec 14 01:37:07.188808 2025] [mpm_winnt:notice] [pid 8868:tid 448] AH00430: Parent: Child process 10696 exited successfully.
[Mon Dec 15 07:59:58.361953 2025] [mpm_winnt:notice] [pid 11868:tid 432] AH00455: Apache/2.4.65 (Win64) mod_fcgid/2.3.10-dev configured -- resuming normal operations
[Mon Dec 15 07:59:58.363077 2025] [mpm_winnt:notice] [pid 11868:tid 432] AH00456: Apache Lounge VS17 Server built: Jul 24 2025 14:32:29
[Mon Dec 15 07:59:58.363077 2025] [core:notice] [pid 11868:tid 432] AH00094: Command line: 'C:\\Apache24\\bin\\httpd.exe -d C:/Apache24'
[Mon Dec 15 07:59:58.368072 2025] [mpm_winnt:notice] [pid 11868:tid 432] AH00418: Parent: Created child process 13360
[Mon Dec 15 07:59:58.835854 2025] [mpm_winnt:notice] [pid 13360:tid 448] AH00354: Child: Starting 64 worker threads.
[Mon Dec 15 12:46:12.740440 2025] [fcgid:warn] [pid 13360:tid 1104] [client ::1:55080] mod_fcgid: read timeout from pipe, referer: http://localhost/moodle/admin/search.php
[Mon Dec 15 12:46:12.741177 2025] [core:error] [pid 13360:tid 1104] [client ::1:55080] End of script output before headers: index.php, referer: http://localhost/moodle/admin/search.php
[Mon Dec 15 17:24:58.850713 2025] [mpm_winnt:notice] [pid 11868:tid 432] AH00422: Parent: Received shutdown signal -- Shutting down the server.
[Mon Dec 15 17:25:00.877901 2025] [mpm_winnt:notice] [pid 13360:tid 448] AH00364: Child: All worker threads have exited.
[Mon Dec 15 17:25:09.356588 2025] [fcgid:error] [pid 13360] FastCGI process 5600 still did not exit, terminating forcefully
[Mon Dec 15 17:25:09.356588 2025] [fcgid:error] [pid 13360] FastCGI process 1712 still did not exit, terminating forcefully
[Mon Dec 15 17:25:10.396231 2025] [mpm_winnt:notice] [pid 11868:tid 432] AH00430: Parent: Child process 13360 exited successfully.
[Mon Dec 15 20:41:54.621314 2025] [mpm_winnt:notice] [pid 1088:tid 460] AH00455: Apache/2.4.65 (Win64) mod_fcgid/2.3.10-dev configured -- resuming normal operations
[Mon Dec 15 20:41:54.621314 2025] [mpm_winnt:notice] [pid 1088:tid 460] AH00456: Apache Lounge VS17 Server built: Jul 24 2025 14:32:29
[Mon Dec 15 20:41:54.621314 2025] [core:notice] [pid 1088:tid 460] AH00094: Command line: 'C:\\Apache24\\bin\\httpd.exe -d C:/Apache24'
[Mon Dec 15 20:41:54.625212 2025] [mpm_winnt:notice] [pid 1088:tid 460] AH00418: Parent: Created child process 20356
[Mon Dec 15 20:41:55.143235 2025] [mpm_winnt:notice] [pid 20356:tid 476] AH00354: Child: Starting 64 worker threads.
[Mon Dec 15 23:59:55.248428 2025] [mpm_winnt:notice] [pid 1088:tid 460] AH00422: Parent: Received shutdown signal -- Shutting down the server.
[Mon Dec 15 23:59:57.259467 2025] [mpm_winnt:notice] [pid 20356:tid 476] AH00364: Child: All worker threads have exited.
[Tue Dec 16 00:00:05.700800 2025] [fcgid:error] [pid 20356] FastCGI process 5552 still did not exit, terminating forcefully
[Tue Dec 16 00:00:05.700800 2025] [fcgid:error] [pid 20356] FastCGI process 24496 still did not exit, terminating forcefully
[Tue Dec 16 00:00:05.700800 2025] [fcgid:error] [pid 20356] FastCGI process 18812 still did not exit, terminating forcefully
[Tue Dec 16 00:00:06.737103 2025] [mpm_winnt:notice] [pid 1088:tid 460] AH00430: Parent: Child process 20356 exited successfully.
[Tue Dec 16 08:00:18.399901 2025] [mpm_winnt:notice] [pid 8060:tid 452] AH00455: Apache/2.4.65 (Win64) mod_fcgid/2.3.10-dev configured -- resuming normal operations
[Tue Dec 16 08:00:18.399901 2025] [mpm_winnt:notice] [pid 8060:tid 452] AH00456: Apache Lounge VS17 Server built: Jul 24 2025 14:32:29
[Tue Dec 16 08:00:18.399901 2025] [core:notice] [pid 8060:tid 452] AH00094: Command line: 'C:\\Apache24\\bin\\httpd.exe -d C:/Apache24'
[Tue Dec 16 08:00:18.399901 2025] [mpm_winnt:notice] [pid 8060:tid 452] AH00418: Parent: Created child process 11316
[Tue Dec 16 08:00:18.875775 2025] [mpm_winnt:notice] [pid 11316:tid 448] AH00354: Child: Starting 64 worker threads.
[Tue Dec 16 17:18:09.465015 2025] [mpm_winnt:notice] [pid 8060:tid 452] AH00422: Parent: Received shutdown signal -- Shutting down the server.
[Tue Dec 16 17:18:11.492424 2025] [mpm_winnt:notice] [pid 11316:tid 448] AH00364: Child: All worker threads have exited.
[Tue Dec 16 17:18:19.945123 2025] [fcgid:error] [pid 11316] FastCGI process 10860 still did not exit, terminating forcefully
[Tue Dec 16 17:18:19.945123 2025] [fcgid:error] [pid 11316] FastCGI process 23160 still did not exit, terminating forcefully
[Tue Dec 16 17:18:19.945123 2025] [fcgid:error] [pid 11316] FastCGI process 8104 still did not exit, terminating forcefully
[Tue Dec 16 17:18:19.945123 2025] [fcgid:error] [pid 11316] FastCGI process 1460 still did not exit, terminating forcefully
[Tue Dec 16 17:18:19.945123 2025] [fcgid:error] [pid 11316] FastCGI process 16224 still did not exit, terminating forcefully
[Tue Dec 16 17:18:19.945123 2025] [fcgid:error] [pid 11316] FastCGI process 10416 still did not exit, terminating forcefully
[Tue Dec 16 17:18:19.945123 2025] [fcgid:error] [pid 11316] FastCGI process 11304 still did not exit, terminating forcefully
[Tue Dec 16 17:18:20.989562 2025] [mpm_winnt:notice] [pid 8060:tid 452] AH00430: Parent: Child process 11316 exited successfully.
[Tue Dec 16 19:50:04.722551 2025] [mpm_winnt:notice] [pid 11524:tid 440] AH00455: Apache/2.4.65 (Win64) mod_fcgid/2.3.10-dev configured -- resuming normal operations
[Tue Dec 16 19:50:04.722551 2025] [mpm_winnt:notice] [pid 11524:tid 440] AH00456: Apache Lounge VS17 Server built: Jul 24 2025 14:32:29
[Tue Dec 16 19:50:04.722551 2025] [core:notice] [pid 11524:tid 440] AH00094: Command line: 'C:\\Apache24\\bin\\httpd.exe -d C:/Apache24'
[Tue Dec 16 19:50:04.738322 2025] [mpm_winnt:notice] [pid 11524:tid 440] AH00418: Parent: Created child process 10632
[Tue Dec 16 19:50:05.106092 2025] [mpm_winnt:notice] [pid 10632:tid 460] AH00354: Child: Starting 64 worker threads.
[Wed Dec 17 00:39:57.592666 2025] [mpm_winnt:notice] [pid 11524:tid 440] AH00422: Parent: Received shutdown signal -- Shutting down the server.
[Wed Dec 17 00:39:59.608716 2025] [mpm_winnt:notice] [pid 10632:tid 460] AH00364: Child: All worker threads have exited.
[Wed Dec 17 00:40:00.469464 2025] [mpm_winnt:notice] [pid 11524:tid 440] AH00430: Parent: Child process 10632 exited successfully.
[Wed Dec 17 08:07:02.920318 2025] [mpm_winnt:notice] [pid 25520:tid 468] AH00455: Apache/2.4.65 (Win64) mod_fcgid/2.3.10-dev configured -- resuming normal operations
[Wed Dec 17 08:07:02.920318 2025] [mpm_winnt:notice] [pid 25520:tid 468] AH00456: Apache Lounge VS17 Server built: Jul 24 2025 14:32:29
[Wed Dec 17 08:07:02.920318 2025] [core:notice] [pid 25520:tid 468] AH00094: Command line: 'C:\\Apache24\\bin\\httpd.exe -d C:/Apache24'
[Wed Dec 17 08:07:02.920318 2025] [mpm_winnt:notice] [pid 25520:tid 468] AH00418: Parent: Created child process 10632
[Wed Dec 17 08:07:03.526866 2025] [mpm_winnt:notice] [pid 10632:tid 452] AH00354: Child: Starting 64 worker threads.
[Wed Dec 17 17:25:31.337206 2025] [mpm_winnt:notice] [pid 25520:tid 468] AH00422: Parent: Received shutdown signal -- Shutting down the server.
[Wed Dec 17 17:25:33.364597 2025] [mpm_winnt:notice] [pid 10632:tid 452] AH00364: Child: All worker threads have exited.
[Wed Dec 17 17:25:41.815725 2025] [fcgid:error] [pid 10632] FastCGI process 12336 still did not exit, terminating forcefully
[Wed Dec 17 17:25:41.815725 2025] [fcgid:error] [pid 10632] FastCGI process 12248 still did not exit, terminating forcefully
[Wed Dec 17 17:25:41.815725 2025] [fcgid:error] [pid 10632] FastCGI process 9976 still did not exit, terminating forcefully
[Wed Dec 17 17:25:41.815725 2025] [fcgid:error] [pid 10632] FastCGI process 20128 still did not exit, terminating forcefully
[Wed Dec 17 17:25:42.855184 2025] [mpm_winnt:notice] [pid 25520:tid 468] AH00430: Parent: Child process 10632 exited successfully.
